{
  "status": "ok",
  "pattern": "callers_of",
  "target": "/mnt/chromeos/removable/MOVESPEED/girder-competitor-benchmark-v1/work/preflight-code-review-graph-responses-v2/fixture/core.py::calculate_total",
  "description": "Find all functions that call a given function",
  "summary": "Found 1 result(s) for callers_of('/mnt/chromeos/removable/MOVESPEED/girder-competitor-benchmark-v1/work/preflight-code-review-graph-responses-v2/fixture/core.py::calculate_total')",
  "result_count": 1,
  "results_omitted": 0,
  "results": [
    {
      "id": 7,
      "kind": "Function",
      "name": "render_summary",
      "qualified_name": "/mnt/chromeos/removable/MOVESPEED/girder-competitor-benchmark-v1/work/preflight-code-review-graph-responses-v2/fixture/service.py::render_summary",
      "file_path": "/mnt/chromeos/removable/MOVESPEED/girder-competitor-benchmark-v1/work/preflight-code-review-graph-responses-v2/fixture/service.py",
      "line_start": 3,
      "line_end": 4,
      "language": "python",
      "parent_name": null,
      "is_test": false
    }
  ],
  "edges": [
    {
      "id": 12,
      "kind": "CALLS",
      "source": "/mnt/chromeos/removable/MOVESPEED/girder-competitor-benchmark-v1/work/preflight-code-review-graph-responses-v2/fixture/service.py::render_summary",
      "target": "/mnt/chromeos/removable/MOVESPEED/girder-competitor-benchmark-v1/work/preflight-code-review-graph-responses-v2/fixture/core.py::calculate_total",
      "file_path": "/mnt/chromeos/removable/MOVESPEED/girder-competitor-benchmark-v1/work/preflight-code-review-graph-responses-v2/fixture/service.py",
      "line": 4,
      "confidence": 1.0,
      "confidence_tier": "EXTRACTED"
    }
  ]
}
